============================= test session starts =============================
platform win32 -- Python 3.10.6, pytest-9.0.2, pluggy-1.6.0 -- E:\Project\plot-ai\.venv\Scripts\python.exe
cachedir: .pytest_cache
rootdir: E:\Project\plot-ai
plugins: anyio-4.12.1
collecting ... collected 83 items

backend/tests/test_building_program.py::TestDoorRules::test_bedroom_to_passage_gets_door PASSED [  1%]
backend/tests/test_building_program.py::TestDoorRules::test_bedroom_to_bathroom_gets_door PASSED [  2%]
backend/tests/test_building_program.py::TestDoorRules::test_kitchen_to_dining_gets_door PASSED [  3%]
backend/tests/test_building_program.py::TestDoorRules::test_living_to_passage_gets_arch PASSED [  4%]
backend/tests/test_building_program.py::TestDoorRules::test_entry_to_living_gets_main_door PASSED [  6%]
backend/tests/test_building_program.py::TestDoorRules::test_bedroom_to_bedroom_no_door PASSED [  7%]
backend/tests/test_building_program.py::TestDoorRules::test_bathroom_to_kitchen_no_door PASSED [  8%]
backend/tests/test_building_program.py::TestDoorRules::test_bathroom_to_living_no_door PASSED [  9%]
backend/tests/test_building_program.py::TestDoorRules::test_kitchen_to_bedroom_no_door PASSED [ 10%]
backend/tests/test_building_program.py::TestDoorRules::test_staircase_to_bedroom_no_door PASSED [ 12%]
backend/tests/test_building_program.py::TestDoorRules::test_unlisted_pairs_no_door PASSED [ 13%]
backend/tests/test_building_program.py::TestDoorRules::test_type_normalization PASSED [ 14%]
backend/tests/test_building_program.py::TestWindowBudget::test_bedroom_gets_one_window PASSED [ 15%]
backend/tests/test_building_program.py::TestWindowBudget::test_master_bedroom_gets_two_windows PASSED [ 16%]
backend/tests/test_building_program.py::TestWindowBudget::test_living_gets_two_large_windows PASSED [ 18%]
backend/tests/test_building_program.py::TestWindowBudget::test_bathroom_gets_ventilator PASSED [ 19%]
backend/tests/test_building_program.py::TestWindowBudget::test_passage_gets_no_windows PASSED [ 20%]
backend/tests/test_building_program.py::TestWindowBudget::test_staircase_gets_no_windows PASSED [ 21%]
backend/tests/test_building_program.py::TestWindowBudget::test_kitchen_gets_one_window PASSED [ 22%]
backend/tests/test_building_program.py::TestWindowBudget::test_total_window_count_reasonable PASSED [ 24%]
backend/tests/test_building_program.py::TestMandatoryElements::test_house_ground_floor_gets_passage PASSED [ 25%]
backend/tests/test_building_program.py::TestMandatoryElements::test_multi_floor_house_gets_staircase PASSED [ 26%]
backend/tests/test_building_program.py::TestMandatoryElements::test_single_floor_no_staircase PASSED [ 27%]
backend/tests/test_building_program.py::TestMandatoryElements::test_lift_injected_when_requested PASSED [ 28%]
backend/tests/test_building_program.py::TestMandatoryElements::test_no_lift_by_default PASSED [ 30%]
backend/tests/test_building_program.py::TestMandatoryElements::test_verandah_injected_when_requested PASSED [ 31%]
backend/tests/test_building_program.py::TestMandatoryElements::test_no_duplicate_mandatory_elements PASSED [ 32%]
backend/tests/test_building_program.py::TestBuildingContext::test_floor_label_ground PASSED [ 33%]
backend/tests/test_building_program.py::TestBuildingContext::test_floor_label_1st PASSED [ 34%]
backend/tests/test_building_program.py::TestBuildingContext::test_floor_label_2nd PASSED [ 36%]
backend/tests/test_building_program.py::TestBuildingContext::test_floor_label_3rd PASSED [ 37%]
backend/tests/test_building_program.py::TestBuildingContext::test_floor_label_5th PASSED [ 38%]
backend/tests/test_building_program.py::TestBuildingContext::test_entry_wall_side_east PASSED [ 39%]
backend/tests/test_building_program.py::TestBuildingContext::test_entry_wall_side_north PASSED [ 40%]
backend/tests/test_building_program.py::TestBuildingContext::test_metadata_populated PASSED [ 42%]
backend/tests/test_building_program.py::TestBuildingContext::test_is_multi_floor PASSED [ 43%]
backend/tests/test_building_program.py::TestBuildingContext::test_factory_function PASSED [ 44%]
backend/tests/test_building_program.py::TestVillaProgram::test_villa_ground_floor_gets_foyer PASSED [ 45%]
backend/tests/test_building_program.py::TestVillaProgram::test_villa_upper_floor_gets_staircase PASSED [ 46%]
backend/tests/test_cairo_fallback.py::test_fallback_when_cairo_missing FAILED [ 48%]
backend/tests/test_cairo_fallback.py::test_fallback_when_import_fails FAILED [ 49%]
backend/tests/test_core.py::test_core PASSED                             [ 50%]
backend/tests/test_full_pipeline.py::test_full_pipeline_end_to_end PASSED [ 51%]
backend/tests/test_hybrid.py::test_hybrid PASSED                         [ 53%]
backend/tests/test_layout_engine.py::test_staircase_placement_multi_floor PASSED [ 54%]
backend/tests/test_layout_engine.py::test_room_sizing_weights PASSED     [ 55%]
backend/tests/test_layout_engine.py::test_overlap_detection PASSED       [ 56%]
backend/tests/test_layout_engine.py::test_no_overlaps_in_full_layout PASSED [ 57%]
backend/tests/test_layout_engine.py::test_hallway_generation PASSED      [ 59%]
backend/tests/test_layout_engine.py::test_logical_adjacency PASSED       [ 60%]
backend/tests/test_nlp_parser.py::TestNLPParser::test_simple_english_prompt FAILED [ 61%]
backend/tests/test_nlp_parser.py::TestNLPParser::test_incomplete_prompt_triggers_consultation PASSED [ 62%]
backend/tests/test_nlp_parser.py::TestNLPParser::test_consultation_recommendation_generation PASSED [ 63%]
backend/tests/test_professional_renderer.py::TestWallSegments::test_single_room_generates_4_walls PASSED [ 65%]
backend/tests/test_professional_renderer.py::TestWallSegments::test_shared_wall_merged PASSED [ 66%]
backend/tests/test_professional_renderer.py::TestWallSegments::test_three_rooms_horizontal_strip PASSED [ 67%]
backend/tests/test_professional_renderer.py::TestWallSegments::test_exterior_walls_identified PASSED [ 68%]
backend/tests/test_professional_renderer.py::TestMergeCollinear::test_merge_identical_walls PASSED [ 69%]
backend/tests/test_professional_renderer.py::TestMergeCollinear::test_merge_adjacent_walls PASSED [ 71%]
backend/tests/test_professional_renderer.py::TestMergeCollinear::test_no_merge_different_lines PASSED [ 72%]
backend/tests/test_professional_renderer.py::TestDoors::test_find_shared_wall_vertical PASSED [ 73%]
backend/tests/test_professional_renderer.py::TestDoors::test_find_shared_wall_horizontal PASSED [ 74%]
backend/tests/test_professional_renderer.py::TestDoors::test_no_shared_wall_for_distant_rooms PASSED [ 75%]
backend/tests/test_professional_renderer.py::TestDoors::test_door_placed_between_adjacent_rooms FAILED [ 77%]
backend/tests/test_professional_renderer.py::TestDoors::test_no_door_between_bathroom_and_kitchen PASSED [ 78%]
backend/tests/test_professional_renderer.py::TestDoors::test_window_on_exterior_wall PASSED [ 79%]
backend/tests/test_professional_renderer.py::TestDoors::test_no_window_on_bathroom PASSED [ 80%]
backend/tests/test_professional_renderer.py::TestWallBreaks::test_split_horizontal_wall PASSED [ 81%]
backend/tests/test_professional_renderer.py::TestWallBreaks::test_split_vertical_wall PASSED [ 83%]
backend/tests/test_professional_renderer.py::TestFormatting::test_feet_inches_whole PASSED [ 84%]
backend/tests/test_professional_renderer.py::TestFormatting::test_feet_inches_half PASSED [ 85%]
backend/tests/test_professional_renderer.py::TestFormatting::test_feet_inches_fraction PASSED [ 86%]
backend/tests/test_professional_renderer.py::TestFullRender::test_render_produces_valid_svg PASSED [ 87%]
backend/tests/test_sanity.py::test_sanity PASSED                         [ 89%]
backend/tests/test_svg_renderer.py::test_svg_structure PASSED            [ 90%]
backend/tests/test_svg_renderer.py::test_watermark_free_tier PASSED      [ 91%]
backend/tests/test_svg_renderer.py::test_clean_output_paid_tier PASSED   [ 92%]
backend/tests/test_vastu_engine.py::test_kitchen_placement PASSED        [ 93%]
backend/tests/test_vastu_engine.py::test_master_bedroom_placement PASSED [ 95%]
backend/tests/test_vastu_engine.py::test_bathroom_never_in_ne PASSED     [ 96%]
backend/tests/test_vastu_engine.py::test_vastu_scoring_perfect PASSED    [ 97%]
backend/tests/test_vastu_engine.py::test_vastu_scoring_penalty PASSED    [ 98%]
backend/tests/test_vertical.py::test_vertical FAILED                     [100%]

================================== FAILURES ===================================
______________________ test_fallback_when_cairo_missing _______________________

    def test_fallback_when_cairo_missing():
        """
        Test that the vector fallback is used when cairosvg raises an OSError or ImportError.
        We mock 'services.svg_renderer.apply_burn_in_watermark' to raise an Exception.
        """
        rooms = [{"id": "r1", "type": "Bedroom", "x": 10, "y": 10, "width": 10, "height": 10}]
        vastu = {"score": 100, "label": "Excellent", "color": "green"}
    
        # Mock apply_burn_in_watermark to fail
>       with patch('services.svg_renderer.apply_burn_in_watermark', side_effect=OSError("dlopen failed")):

backend\tests\test_cairo_fallback.py:21: 
_ _ _ _ _ _ _ _ _ _ _ _ _ _ _ _ _ _ _ _ _ _ _ _ _ _ _ _ _ _ _ _ _ _ _ _ _ _ _ _
C:\Users\susov\AppData\Local\Programs\Python\Python310\lib\unittest\mock.py:1437: in __enter__
    original, local = self.get_original()
_ _ _ _ _ _ _ _ _ _ _ _ _ _ _ _ _ _ _ _ _ _ _ _ _ _ _ _ _ _ _ _ _ _ _ _ _ _ _ _

self = <unittest.mock._patch object at 0x000001AF52F74AF0>

    def get_original(self):
        target = self.getter()
        name = self.attribute
    
        original = DEFAULT
        local = False
    
        try:
            original = target.__dict__[name]
        except (AttributeError, KeyError):
            original = getattr(target, name, DEFAULT)
        else:
            local = True
    
        if name in _builtins and isinstance(target, ModuleType):
            self.create = True
    
        if not self.create and original is DEFAULT:
>           raise AttributeError(
                "%s does not have the attribute %r" % (target, name)
            )
E           AttributeError: <module 'services.svg_renderer' from 'E:\\Project\\plot-ai\\backend\\services\\svg_renderer.py'> does not have the attribute 'apply_burn_in_watermark'

C:\Users\susov\AppData\Local\Programs\Python\Python310\lib\unittest\mock.py:1410: AttributeError
_______________________ test_fallback_when_import_fails _______________________

    def test_fallback_when_import_fails():
        """
        Test fallback when cairosvg module is not installed (ImportError).
        """
        rooms = [{"id": "r1", "type": "Bedroom", "x": 10, "y": 10, "width": 10, "height": 10}]
        vastu = {"score": 100, "label": "Excellent", "color": "green"}
    
>       with patch('services.svg_renderer.apply_burn_in_watermark', side_effect=ImportError("No module named cairosvg")):

backend\tests\test_cairo_fallback.py:35: 
_ _ _ _ _ _ _ _ _ _ _ _ _ _ _ _ _ _ _ _ _ _ _ _ _ _ _ _ _ _ _ _ _ _ _ _ _ _ _ _
C:\Users\susov\AppData\Local\Programs\Python\Python310\lib\unittest\mock.py:1437: in __enter__
    original, local = self.get_original()
_ _ _ _ _ _ _ _ _ _ _ _ _ _ _ _ _ _ _ _ _ _ _ _ _ _ _ _ _ _ _ _ _ _ _ _ _ _ _ _

self = <unittest.mock._patch object at 0x000001AF530ABDC0>

    def get_original(self):
        target = self.getter()
        name = self.attribute
    
        original = DEFAULT
        local = False
    
        try:
            original = target.__dict__[name]
        except (AttributeError, KeyError):
            original = getattr(target, name, DEFAULT)
        else:
            local = True
    
        if name in _builtins and isinstance(target, ModuleType):
            self.create = True
    
        if not self.create and original is DEFAULT:
>           raise AttributeError(
                "%s does not have the attribute %r" % (target, name)
            )
E           AttributeError: <module 'services.svg_renderer' from 'E:\\Project\\plot-ai\\backend\\services\\svg_renderer.py'> does not have the attribute 'apply_burn_in_watermark'

C:\Users\susov\AppData\Local\Programs\Python\Python310\lib\unittest\mock.py:1410: AttributeError
__________________ TestNLPParser.test_simple_english_prompt ___________________

self = <backend.tests.test_nlp_parser.TestNLPParser object at 0x000001AF5268B430>

    def test_simple_english_prompt(self):
        """Tests that a basic English prompt is correctly parsed."""
        # Mocking requests.post
        with patch('requests.post') as mock_post:
            mock_post.return_value.status_code = 200
            mock_post.return_value.json.return_value = {
                "choices": [{
                    "message": {
                        "content": '{"plot_size_sqft": 1200, "is_complete": true, "rooms": [{"type": "bedroom", "count": 3}], "orientation": "north"}'
                    }
                }]
            }
    
            result = parse_prompt(
                "I have a 1200 sqft plot, 3 bedrooms, 2 bathrooms, 1 kitchen, 1 dining room, 1 lounge"
            )
            assert result["plot_size_sqft"] == 1200
>           assert result["is_complete"] == True
E           assert False == True

backend\tests\test_nlp_parser.py:37: AssertionError
______________ TestDoors.test_door_placed_between_adjacent_rooms ______________

self = <backend.tests.test_professional_renderer.TestDoors object at 0x000001AF52F76350>

    def test_door_placed_between_adjacent_rooms(self):
        rooms = [
            {'id': 'r1', 'type': 'bedroom', 'x': 0, 'y': 0, 'width': 12, 'height': 10},
            {'id': 'r2', 'type': 'living', 'x': 12, 'y': 0, 'width': 12, 'height': 10},
        ]
        doors = find_door_positions(rooms)
>       assert len(doors) == 1
E       assert 0 == 1
E        +  where 0 = len([])

backend\tests\test_professional_renderer.py:149: AssertionError
________________________________ test_vertical ________________________________

    def test_vertical():
        plot_width = 20.0
        plot_depth = 50.0
        floors = 1
        entry_direction = "S"
    
        rooms = [
            {"id": "bedroom_1", "type": "Bedroom"},
            {"id": "master_bedroom_1", "type": "Master Bedroom"},
            {"id": "kitchen_1", "type": "Kitchen"},
            {"id": "living_room_1", "type": "Living Room"},
            {"id": "bathroom_1", "type": "Bathroom"},
            {"id": "bathroom_2", "type": "Bathroom"},
            {"id": "corridor", "type": "passage"}
        ]
    
        plan = get_spatial_plan("20x50ft narrow house", plot_width, plot_depth, floors, entry_direction, rooms)
        layout = generate_strip_layout(plot_width, plot_depth, plan, rooms, entry_direction)
    
        print(f"\n TESTING VERTICAL ORIENTATION ({plot_width} W x {plot_depth} D)")
        print("PLACED ROOMS:")
        for r in layout:
            print(f"  {str(r['id'])[:16]:16} [{r.get('corridor_orientation', '')}] -> X: {r['x']:<5.1f} Y: {r['y']:<5.1f} | W: {r['width']:<5.1f} H: {r['height']:<5.1f}")
    
        x_exceeded = any(r['x'] + r['width'] > plot_width + 0.1 for r in layout)
        y_exceeded = any(r['y'] + r['height'] > plot_depth + 0.1 for r in layout)
    
        if x_exceeded or y_exceeded:
            print(" FAILED: Bounds exceeded.")
>           sys.exit(1)
E           SystemExit: 1

backend\tests\test_vertical.py:39: SystemExit
---------------------------- Captured stdout call -----------------------------

 TESTING VERTICAL ORIENTATION (20.0 W x 50.0 D)
PLACED ROOMS:
  corridor         [vertical] -> X: 11.0  Y: 0.0   | W: 2.0   H: 43.0 
  staircase        [vertical] -> X: 22.0  Y: 23.0  | W: 3.5   H: 7.0  
  living_room_1    [vertical] -> X: 13.0  Y: 0.0   | W: 4.5   H: 50.0 
  kitchen_1        [vertical] -> X: 17.5  Y: 0.0   | W: 2.5   H: 50.0 
  bedroom_1        [vertical] -> X: 0.0   Y: 0.0   | W: 11.0  H: 16.5 
  bathroom_2       [vertical] -> X: 0.0   Y: 16.5  | W: 11.0  H: 5.5  
  master_bedroom_1 [vertical] -> X: 0.0   Y: 22.0  | W: 11.0  H: 22.5 
  bathroom_1       [vertical] -> X: 0.0   Y: 44.5  | W: 11.0  H: 5.5  
 FAILED: Bounds exceeded.
=========================== short test summary info ===========================
FAILED backend/tests/test_cairo_fallback.py::test_fallback_when_cairo_missing
FAILED backend/tests/test_cairo_fallback.py::test_fallback_when_import_fails
FAILED backend/tests/test_nlp_parser.py::TestNLPParser::test_simple_english_prompt
FAILED backend/tests/test_professional_renderer.py::TestDoors::test_door_placed_between_adjacent_rooms
FAILED backend/tests/test_vertical.py::test_vertical - SystemExit: 1
======================== 5 failed, 78 passed in 9.40s =========================
